------------------------------------------------------------
TimeQuest Timing Analyzer Summary
------------------------------------------------------------

Type  : Slow Model Setup 'clk'
Slack : -14.920
TNS   : -820.813

Type  : Slow Model Setup 'currentstate.show0'
Slack : 0.311
TNS   : 0.000

Type  : Slow Model Hold 'clk'
Slack : -1.577
TNS   : -4.985

Type  : Slow Model Hold 'currentstate.show0'
Slack : -0.761
TNS   : -0.761

Type  : Slow Model Recovery 'clk'
Slack : -0.718
TNS   : -19.064

Type  : Slow Model Removal 'clk'
Slack : 1.045
TNS   : 0.000

Type  : Slow Model Minimum Pulse Width 'clk'
Slack : -1.380
TNS   : -111.380

Type  : Slow Model Minimum Pulse Width 'currentstate.show0'
Slack : 0.500
TNS   : 0.000

Type  : Fast Model Setup 'clk'
Slack : -5.866
TNS   : -297.089

Type  : Fast Model Setup 'currentstate.show0'
Slack : 0.441
TNS   : 0.000

Type  : Fast Model Hold 'clk'
Slack : -1.183
TNS   : -3.845

Type  : Fast Model Hold 'currentstate.show0'
Slack : -0.338
TNS   : -0.338

Type  : Fast Model Recovery 'clk'
Slack : 0.083
TNS   : 0.000

Type  : Fast Model Removal 'clk'
Slack : 0.588
TNS   : 0.000

Type  : Fast Model Minimum Pulse Width 'clk'
Slack : -1.380
TNS   : -111.380

Type  : Fast Model Minimum Pulse Width 'currentstate.show0'
Slack : 0.500
TNS   : 0.000

------------------------------------------------------------
