TimeQuest Timing Analyzer report for mux_4x1_24bit
Sat Nov 22 01:02:52 2025
Quartus II 64-Bit Version 13.0.1 Build 232 06/12/2013 Service Pack 1 SJ Web Edition


---------------------
; Table of Contents ;
---------------------
  1. Legal Notice
  2. TimeQuest Timing Analyzer Summary
  3. Parallel Compilation
  4. Clocks
  5. Slow Model Fmax Summary
  6. Slow Model Setup Summary
  7. Slow Model Hold Summary
  8. Slow Model Recovery Summary
  9. Slow Model Removal Summary
 10. Slow Model Minimum Pulse Width Summary
 11. Propagation Delay
 12. Minimum Propagation Delay
 13. Fast Model Setup Summary
 14. Fast Model Hold Summary
 15. Fast Model Recovery Summary
 16. Fast Model Removal Summary
 17. Fast Model Minimum Pulse Width Summary
 18. Propagation Delay
 19. Minimum Propagation Delay
 20. Multicorner Timing Analysis Summary
 21. Progagation Delay
 22. Minimum Progagation Delay
 23. Clock Transfers
 24. Report TCCS
 25. Report RSKM
 26. Unconstrained Paths
 27. TimeQuest Timing Analyzer Messages



----------------
; Legal Notice ;
----------------
Copyright (C) 1991-2013 Altera Corporation
Your use of Altera Corporation's design tools, logic functions 
and other software and tools, and its AMPP partner logic 
functions, and any output files from any of the foregoing 
(including device programming or simulation files), and any 
associated documentation or information are expressly subject 
to the terms and conditions of the Altera Program License 
Subscription Agreement, Altera MegaCore Function License 
Agreement, or other applicable license agreement, including, 
without limitation, that your use is for the sole purpose of 
programming logic devices manufactured by Altera and sold by 
Altera or its authorized distributors.  Please refer to the 
applicable agreement for further details.



+----------------------------------------------------------------------------------------+
; TimeQuest Timing Analyzer Summary                                                      ;
+--------------------+-------------------------------------------------------------------+
; Quartus II Version ; Version 13.0.1 Build 232 06/12/2013 Service Pack 1 SJ Web Edition ;
; Revision Name      ; mux_4x1_24bit                                                     ;
; Device Family      ; Cyclone II                                                        ;
; Device Name        ; EP2C35F672C6                                                      ;
; Timing Models      ; Final                                                             ;
; Delay Model        ; Combined                                                          ;
; Rise/Fall Delays   ; Unavailable                                                       ;
+--------------------+-------------------------------------------------------------------+


Parallel compilation was disabled, but you have multiple processors available. Enable parallel compilation to reduce compilation time.
+-------------------------------------+
; Parallel Compilation                ;
+----------------------------+--------+
; Processors                 ; Number ;
+----------------------------+--------+
; Number detected on machine ; 12     ;
; Maximum allowed            ; 1      ;
+----------------------------+--------+


----------
; Clocks ;
----------
No clocks to report.


---------------------------
; Slow Model Fmax Summary ;
---------------------------
No paths to report.


----------------------------
; Slow Model Setup Summary ;
----------------------------
No paths to report.


---------------------------
; Slow Model Hold Summary ;
---------------------------
No paths to report.


-------------------------------
; Slow Model Recovery Summary ;
-------------------------------
No paths to report.


------------------------------
; Slow Model Removal Summary ;
------------------------------
No paths to report.


------------------------------------------
; Slow Model Minimum Pulse Width Summary ;
------------------------------------------
No paths to report.


+-----------------------------------------------------------------+
; Propagation Delay                                               ;
+---------------+-------------+--------+--------+--------+--------+
; Input Port    ; Output Port ; RR     ; RF     ; FR     ; FF     ;
+---------------+-------------+--------+--------+--------+--------+
; reg_1[0]      ; d1[0]       ; 7.370  ;        ;        ; 7.370  ;
; reg_1[1]      ; d1[1]       ; 9.941  ;        ;        ; 9.941  ;
; reg_1[2]      ; d1[2]       ; 10.113 ;        ;        ; 10.113 ;
; reg_1[3]      ; d1[3]       ; 10.199 ;        ;        ; 10.199 ;
; reg_1[4]      ; d1[4]       ; 10.176 ;        ;        ; 10.176 ;
; reg_1[5]      ; d1[5]       ; 10.181 ;        ;        ; 10.181 ;
; reg_1[6]      ; d1[6]       ; 10.214 ;        ;        ; 10.214 ;
; reg_1[7]      ; d1[7]       ; 10.091 ;        ;        ; 10.091 ;
; reg_1[8]      ; d1[8]       ; 10.000 ;        ;        ; 10.000 ;
; reg_1[9]      ; d1[9]       ; 10.311 ;        ;        ; 10.311 ;
; reg_1[10]     ; d1[10]      ; 10.133 ;        ;        ; 10.133 ;
; reg_1[11]     ; d1[11]      ; 10.271 ;        ;        ; 10.271 ;
; reg_1[12]     ; d1[12]      ; 9.859  ;        ;        ; 9.859  ;
; reg_1[13]     ; d1[13]      ; 10.173 ;        ;        ; 10.173 ;
; reg_1[14]     ; d1[14]      ; 9.626  ;        ;        ; 9.626  ;
; reg_1[15]     ; d1[15]      ; 10.099 ;        ;        ; 10.099 ;
; reg_1[16]     ; d1[16]      ; 10.553 ;        ;        ; 10.553 ;
; reg_1[17]     ; d1[17]      ; 10.507 ;        ;        ; 10.507 ;
; reg_1[18]     ; d1[18]      ; 10.183 ;        ;        ; 10.183 ;
; reg_1[19]     ; d1[19]      ; 11.019 ;        ;        ; 11.019 ;
; reg_1[20]     ; d1[20]      ; 10.790 ;        ;        ; 10.790 ;
; reg_1[21]     ; d1[21]      ; 10.159 ;        ;        ; 10.159 ;
; reg_1[22]     ; d1[22]      ; 10.242 ;        ;        ; 10.242 ;
; reg_1[23]     ; d1[23]      ; 10.731 ;        ;        ; 10.731 ;
; reg_2[0]      ; d1[0]       ; 9.508  ;        ;        ; 9.508  ;
; reg_2[1]      ; d1[1]       ; 9.645  ;        ;        ; 9.645  ;
; reg_2[2]      ; d1[2]       ; 9.695  ;        ;        ; 9.695  ;
; reg_2[3]      ; d1[3]       ; 9.728  ;        ;        ; 9.728  ;
; reg_2[4]      ; d1[4]       ; 9.241  ;        ;        ; 9.241  ;
; reg_2[5]      ; d1[5]       ; 9.042  ;        ;        ; 9.042  ;
; reg_2[6]      ; d1[6]       ; 9.252  ;        ;        ; 9.252  ;
; reg_2[7]      ; d1[7]       ; 9.094  ;        ;        ; 9.094  ;
; reg_2[8]      ; d1[8]       ; 9.528  ;        ;        ; 9.528  ;
; reg_2[9]      ; d1[9]       ; 9.294  ;        ;        ; 9.294  ;
; reg_2[10]     ; d1[10]      ; 9.884  ;        ;        ; 9.884  ;
; reg_2[11]     ; d1[11]      ; 9.432  ;        ;        ; 9.432  ;
; reg_2[12]     ; d1[12]      ; 9.149  ;        ;        ; 9.149  ;
; reg_2[13]     ; d1[13]      ; 9.733  ;        ;        ; 9.733  ;
; reg_2[14]     ; d1[14]      ; 9.486  ;        ;        ; 9.486  ;
; reg_2[15]     ; d1[15]      ; 9.135  ;        ;        ; 9.135  ;
; reg_2[16]     ; d1[16]      ; 9.809  ;        ;        ; 9.809  ;
; reg_2[17]     ; d1[17]      ; 9.920  ;        ;        ; 9.920  ;
; reg_2[18]     ; d1[18]      ; 9.962  ;        ;        ; 9.962  ;
; reg_2[19]     ; d1[19]      ; 9.826  ;        ;        ; 9.826  ;
; reg_2[20]     ; d1[20]      ; 9.398  ;        ;        ; 9.398  ;
; reg_2[21]     ; d1[21]      ; 10.172 ;        ;        ; 10.172 ;
; reg_2[22]     ; d1[22]      ; 9.661  ;        ;        ; 9.661  ;
; reg_2[23]     ; d1[23]      ; 9.544  ;        ;        ; 9.544  ;
; rom_in[0]     ; d1[0]       ; 6.864  ;        ;        ; 6.864  ;
; rom_in[1]     ; d1[1]       ; 9.696  ;        ;        ; 9.696  ;
; rom_in[2]     ; d1[2]       ; 10.089 ;        ;        ; 10.089 ;
; rom_in[3]     ; d1[3]       ; 10.408 ;        ;        ; 10.408 ;
; rom_in[4]     ; d1[4]       ; 10.068 ;        ;        ; 10.068 ;
; rom_in[5]     ; d1[5]       ; 9.792  ;        ;        ; 9.792  ;
; rom_in[6]     ; d1[6]       ; 10.054 ;        ;        ; 10.054 ;
; rom_in[7]     ; d1[7]       ; 10.359 ;        ;        ; 10.359 ;
; rom_in[8]     ; d1[8]       ; 10.342 ;        ;        ; 10.342 ;
; rom_in[9]     ; d1[9]       ; 10.336 ;        ;        ; 10.336 ;
; rom_in[10]    ; d1[10]      ; 10.680 ;        ;        ; 10.680 ;
; rom_in[11]    ; d1[11]      ; 10.411 ;        ;        ; 10.411 ;
; rom_in[12]    ; d1[12]      ; 10.242 ;        ;        ; 10.242 ;
; rom_in[13]    ; d1[13]      ; 9.681  ;        ;        ; 9.681  ;
; rom_in[14]    ; d1[14]      ; 10.070 ;        ;        ; 10.070 ;
; rom_in[15]    ; d1[15]      ; 10.159 ;        ;        ; 10.159 ;
; rom_in[16]    ; d1[16]      ; 10.635 ;        ;        ; 10.635 ;
; rom_in[17]    ; d1[17]      ; 10.462 ;        ;        ; 10.462 ;
; rom_in[18]    ; d1[18]      ; 9.664  ;        ;        ; 9.664  ;
; rom_in[19]    ; d1[19]      ; 10.756 ;        ;        ; 10.756 ;
; rom_in[20]    ; d1[20]      ; 10.571 ;        ;        ; 10.571 ;
; rom_in[21]    ; d1[21]      ; 10.682 ;        ;        ; 10.682 ;
; rom_in[22]    ; d1[22]      ; 10.563 ;        ;        ; 10.563 ;
; rom_in[23]    ; d1[23]      ; 10.485 ;        ;        ; 10.485 ;
; select_sum[0] ; d1[0]       ; 10.171 ; 11.077 ; 11.077 ; 10.171 ;
; select_sum[0] ; d1[1]       ; 9.914  ; 10.608 ; 10.608 ; 9.914  ;
; select_sum[0] ; d1[2]       ; 10.166 ; 10.827 ; 10.827 ; 10.166 ;
; select_sum[0] ; d1[3]       ; 10.172 ; 10.827 ; 10.827 ; 10.172 ;
; select_sum[0] ; d1[4]       ; 10.126 ; 10.828 ; 10.828 ; 10.126 ;
; select_sum[0] ; d1[5]       ; 10.201 ; 10.906 ; 10.906 ; 10.201 ;
; select_sum[0] ; d1[6]       ; 10.184 ; 10.891 ; 10.891 ; 10.184 ;
; select_sum[0] ; d1[7]       ; 10.120 ; 10.799 ; 10.799 ; 10.120 ;
; select_sum[0] ; d1[8]       ; 10.768 ; 11.442 ; 11.442 ; 10.768 ;
; select_sum[0] ; d1[9]       ; 10.972 ; 11.460 ; 11.460 ; 10.972 ;
; select_sum[0] ; d1[10]      ; 11.020 ; 11.863 ; 11.863 ; 11.020 ;
; select_sum[0] ; d1[11]      ; 10.831 ; 11.678 ; 11.678 ; 10.831 ;
; select_sum[0] ; d1[12]      ; 10.778 ; 11.483 ; 11.483 ; 10.778 ;
; select_sum[0] ; d1[13]      ; 11.012 ; 11.332 ; 11.332 ; 11.012 ;
; select_sum[0] ; d1[14]      ; 10.945 ; 11.571 ; 11.571 ; 10.945 ;
; select_sum[0] ; d1[15]      ; 10.793 ; 11.490 ; 11.490 ; 10.793 ;
; select_sum[0] ; d1[16]      ; 10.866 ; 11.312 ; 11.312 ; 10.866 ;
; select_sum[0] ; d1[17]      ; 10.924 ; 11.271 ; 11.271 ; 10.924 ;
; select_sum[0] ; d1[18]      ; 10.423 ; 10.887 ; 10.887 ; 10.423 ;
; select_sum[0] ; d1[19]      ; 10.887 ; 11.516 ; 11.516 ; 10.887 ;
; select_sum[0] ; d1[20]      ; 10.675 ; 11.318 ; 11.318 ; 10.675 ;
; select_sum[0] ; d1[21]      ; 10.704 ; 11.151 ; 11.151 ; 10.704 ;
; select_sum[0] ; d1[22]      ; 10.420 ; 11.059 ; 11.059 ; 10.420 ;
; select_sum[0] ; d1[23]      ; 10.874 ; 11.512 ; 11.512 ; 10.874 ;
; select_sum[1] ; d1[0]       ; 11.284 ; 11.284 ; 11.284 ; 11.284 ;
; select_sum[1] ; d1[1]       ; 11.188 ; 11.188 ; 11.188 ; 11.188 ;
; select_sum[1] ; d1[2]       ; 11.251 ; 11.251 ; 11.251 ; 11.251 ;
; select_sum[1] ; d1[3]       ; 11.279 ; 11.279 ; 11.279 ; 11.279 ;
; select_sum[1] ; d1[4]       ; 11.280 ; 11.280 ; 11.280 ; 11.280 ;
; select_sum[1] ; d1[5]       ; 11.499 ; 11.499 ; 11.499 ; 11.499 ;
; select_sum[1] ; d1[6]       ; 11.484 ; 11.484 ; 11.484 ; 11.484 ;
; select_sum[1] ; d1[7]       ; 11.230 ; 11.230 ; 11.230 ; 11.230 ;
; select_sum[1] ; d1[8]       ; 11.112 ; 11.112 ; 11.112 ; 11.112 ;
; select_sum[1] ; d1[9]       ; 11.131 ; 11.131 ; 11.131 ; 11.131 ;
; select_sum[1] ; d1[10]      ; 11.398 ; 11.398 ; 11.398 ; 11.398 ;
; select_sum[1] ; d1[11]      ; 11.213 ; 11.213 ; 11.213 ; 11.213 ;
; select_sum[1] ; d1[12]      ; 11.427 ; 11.427 ; 11.427 ; 11.427 ;
; select_sum[1] ; d1[13]      ; 11.002 ; 11.002 ; 11.002 ; 11.002 ;
; select_sum[1] ; d1[14]      ; 11.106 ; 11.106 ; 11.106 ; 11.106 ;
; select_sum[1] ; d1[15]      ; 11.160 ; 11.160 ; 11.160 ; 11.160 ;
; select_sum[1] ; d1[16]      ; 11.619 ; 11.619 ; 11.619 ; 11.619 ;
; select_sum[1] ; d1[17]      ; 11.569 ; 11.569 ; 11.569 ; 11.569 ;
; select_sum[1] ; d1[18]      ; 11.188 ; 11.188 ; 11.188 ; 11.188 ;
; select_sum[1] ; d1[19]      ; 11.814 ; 11.814 ; 11.814 ; 11.814 ;
; select_sum[1] ; d1[20]      ; 11.615 ; 11.615 ; 11.615 ; 11.615 ;
; select_sum[1] ; d1[21]      ; 11.458 ; 11.458 ; 11.458 ; 11.458 ;
; select_sum[1] ; d1[22]      ; 11.356 ; 11.356 ; 11.356 ; 11.356 ;
; select_sum[1] ; d1[23]      ; 11.807 ; 11.807 ; 11.807 ; 11.807 ;
+---------------+-------------+--------+--------+--------+--------+


+-----------------------------------------------------------------+
; Minimum Propagation Delay                                       ;
+---------------+-------------+--------+--------+--------+--------+
; Input Port    ; Output Port ; RR     ; RF     ; FR     ; FF     ;
+---------------+-------------+--------+--------+--------+--------+
; reg_1[0]      ; d1[0]       ; 7.370  ;        ;        ; 7.370  ;
; reg_1[1]      ; d1[1]       ; 9.941  ;        ;        ; 9.941  ;
; reg_1[2]      ; d1[2]       ; 10.113 ;        ;        ; 10.113 ;
; reg_1[3]      ; d1[3]       ; 10.199 ;        ;        ; 10.199 ;
; reg_1[4]      ; d1[4]       ; 10.176 ;        ;        ; 10.176 ;
; reg_1[5]      ; d1[5]       ; 10.181 ;        ;        ; 10.181 ;
; reg_1[6]      ; d1[6]       ; 10.214 ;        ;        ; 10.214 ;
; reg_1[7]      ; d1[7]       ; 10.091 ;        ;        ; 10.091 ;
; reg_1[8]      ; d1[8]       ; 10.000 ;        ;        ; 10.000 ;
; reg_1[9]      ; d1[9]       ; 10.311 ;        ;        ; 10.311 ;
; reg_1[10]     ; d1[10]      ; 10.133 ;        ;        ; 10.133 ;
; reg_1[11]     ; d1[11]      ; 10.271 ;        ;        ; 10.271 ;
; reg_1[12]     ; d1[12]      ; 9.859  ;        ;        ; 9.859  ;
; reg_1[13]     ; d1[13]      ; 10.173 ;        ;        ; 10.173 ;
; reg_1[14]     ; d1[14]      ; 9.626  ;        ;        ; 9.626  ;
; reg_1[15]     ; d1[15]      ; 10.099 ;        ;        ; 10.099 ;
; reg_1[16]     ; d1[16]      ; 10.553 ;        ;        ; 10.553 ;
; reg_1[17]     ; d1[17]      ; 10.507 ;        ;        ; 10.507 ;
; reg_1[18]     ; d1[18]      ; 10.183 ;        ;        ; 10.183 ;
; reg_1[19]     ; d1[19]      ; 11.019 ;        ;        ; 11.019 ;
; reg_1[20]     ; d1[20]      ; 10.790 ;        ;        ; 10.790 ;
; reg_1[21]     ; d1[21]      ; 10.159 ;        ;        ; 10.159 ;
; reg_1[22]     ; d1[22]      ; 10.242 ;        ;        ; 10.242 ;
; reg_1[23]     ; d1[23]      ; 10.731 ;        ;        ; 10.731 ;
; reg_2[0]      ; d1[0]       ; 9.508  ;        ;        ; 9.508  ;
; reg_2[1]      ; d1[1]       ; 9.645  ;        ;        ; 9.645  ;
; reg_2[2]      ; d1[2]       ; 9.695  ;        ;        ; 9.695  ;
; reg_2[3]      ; d1[3]       ; 9.728  ;        ;        ; 9.728  ;
; reg_2[4]      ; d1[4]       ; 9.241  ;        ;        ; 9.241  ;
; reg_2[5]      ; d1[5]       ; 9.042  ;        ;        ; 9.042  ;
; reg_2[6]      ; d1[6]       ; 9.252  ;        ;        ; 9.252  ;
; reg_2[7]      ; d1[7]       ; 9.094  ;        ;        ; 9.094  ;
; reg_2[8]      ; d1[8]       ; 9.528  ;        ;        ; 9.528  ;
; reg_2[9]      ; d1[9]       ; 9.294  ;        ;        ; 9.294  ;
; reg_2[10]     ; d1[10]      ; 9.884  ;        ;        ; 9.884  ;
; reg_2[11]     ; d1[11]      ; 9.432  ;        ;        ; 9.432  ;
; reg_2[12]     ; d1[12]      ; 9.149  ;        ;        ; 9.149  ;
; reg_2[13]     ; d1[13]      ; 9.733  ;        ;        ; 9.733  ;
; reg_2[14]     ; d1[14]      ; 9.486  ;        ;        ; 9.486  ;
; reg_2[15]     ; d1[15]      ; 9.135  ;        ;        ; 9.135  ;
; reg_2[16]     ; d1[16]      ; 9.809  ;        ;        ; 9.809  ;
; reg_2[17]     ; d1[17]      ; 9.920  ;        ;        ; 9.920  ;
; reg_2[18]     ; d1[18]      ; 9.962  ;        ;        ; 9.962  ;
; reg_2[19]     ; d1[19]      ; 9.826  ;        ;        ; 9.826  ;
; reg_2[20]     ; d1[20]      ; 9.398  ;        ;        ; 9.398  ;
; reg_2[21]     ; d1[21]      ; 10.172 ;        ;        ; 10.172 ;
; reg_2[22]     ; d1[22]      ; 9.661  ;        ;        ; 9.661  ;
; reg_2[23]     ; d1[23]      ; 9.544  ;        ;        ; 9.544  ;
; rom_in[0]     ; d1[0]       ; 6.864  ;        ;        ; 6.864  ;
; rom_in[1]     ; d1[1]       ; 9.696  ;        ;        ; 9.696  ;
; rom_in[2]     ; d1[2]       ; 10.089 ;        ;        ; 10.089 ;
; rom_in[3]     ; d1[3]       ; 10.408 ;        ;        ; 10.408 ;
; rom_in[4]     ; d1[4]       ; 10.068 ;        ;        ; 10.068 ;
; rom_in[5]     ; d1[5]       ; 9.792  ;        ;        ; 9.792  ;
; rom_in[6]     ; d1[6]       ; 10.054 ;        ;        ; 10.054 ;
; rom_in[7]     ; d1[7]       ; 10.359 ;        ;        ; 10.359 ;
; rom_in[8]     ; d1[8]       ; 10.342 ;        ;        ; 10.342 ;
; rom_in[9]     ; d1[9]       ; 10.336 ;        ;        ; 10.336 ;
; rom_in[10]    ; d1[10]      ; 10.680 ;        ;        ; 10.680 ;
; rom_in[11]    ; d1[11]      ; 10.411 ;        ;        ; 10.411 ;
; rom_in[12]    ; d1[12]      ; 10.242 ;        ;        ; 10.242 ;
; rom_in[13]    ; d1[13]      ; 9.681  ;        ;        ; 9.681  ;
; rom_in[14]    ; d1[14]      ; 10.070 ;        ;        ; 10.070 ;
; rom_in[15]    ; d1[15]      ; 10.159 ;        ;        ; 10.159 ;
; rom_in[16]    ; d1[16]      ; 10.635 ;        ;        ; 10.635 ;
; rom_in[17]    ; d1[17]      ; 10.462 ;        ;        ; 10.462 ;
; rom_in[18]    ; d1[18]      ; 9.664  ;        ;        ; 9.664  ;
; rom_in[19]    ; d1[19]      ; 10.756 ;        ;        ; 10.756 ;
; rom_in[20]    ; d1[20]      ; 10.571 ;        ;        ; 10.571 ;
; rom_in[21]    ; d1[21]      ; 10.682 ;        ;        ; 10.682 ;
; rom_in[22]    ; d1[22]      ; 10.563 ;        ;        ; 10.563 ;
; rom_in[23]    ; d1[23]      ; 10.485 ;        ;        ; 10.485 ;
; select_sum[0] ; d1[0]       ; 10.171 ; 11.077 ; 11.077 ; 10.171 ;
; select_sum[0] ; d1[1]       ; 9.914  ; 10.608 ; 10.608 ; 9.914  ;
; select_sum[0] ; d1[2]       ; 10.166 ; 10.827 ; 10.827 ; 10.166 ;
; select_sum[0] ; d1[3]       ; 10.172 ; 10.827 ; 10.827 ; 10.172 ;
; select_sum[0] ; d1[4]       ; 10.126 ; 10.828 ; 10.828 ; 10.126 ;
; select_sum[0] ; d1[5]       ; 10.201 ; 10.906 ; 10.906 ; 10.201 ;
; select_sum[0] ; d1[6]       ; 10.184 ; 10.891 ; 10.891 ; 10.184 ;
; select_sum[0] ; d1[7]       ; 10.120 ; 10.799 ; 10.799 ; 10.120 ;
; select_sum[0] ; d1[8]       ; 10.768 ; 11.442 ; 11.442 ; 10.768 ;
; select_sum[0] ; d1[9]       ; 10.972 ; 11.460 ; 11.460 ; 10.972 ;
; select_sum[0] ; d1[10]      ; 11.020 ; 11.863 ; 11.863 ; 11.020 ;
; select_sum[0] ; d1[11]      ; 10.831 ; 11.678 ; 11.678 ; 10.831 ;
; select_sum[0] ; d1[12]      ; 10.778 ; 11.483 ; 11.483 ; 10.778 ;
; select_sum[0] ; d1[13]      ; 11.012 ; 11.332 ; 11.332 ; 11.012 ;
; select_sum[0] ; d1[14]      ; 10.945 ; 11.571 ; 11.571 ; 10.945 ;
; select_sum[0] ; d1[15]      ; 10.793 ; 11.490 ; 11.490 ; 10.793 ;
; select_sum[0] ; d1[16]      ; 10.866 ; 11.312 ; 11.312 ; 10.866 ;
; select_sum[0] ; d1[17]      ; 10.924 ; 11.271 ; 11.271 ; 10.924 ;
; select_sum[0] ; d1[18]      ; 10.423 ; 10.887 ; 10.887 ; 10.423 ;
; select_sum[0] ; d1[19]      ; 10.887 ; 11.516 ; 11.516 ; 10.887 ;
; select_sum[0] ; d1[20]      ; 10.675 ; 11.318 ; 11.318 ; 10.675 ;
; select_sum[0] ; d1[21]      ; 10.704 ; 11.151 ; 11.151 ; 10.704 ;
; select_sum[0] ; d1[22]      ; 10.420 ; 11.059 ; 11.059 ; 10.420 ;
; select_sum[0] ; d1[23]      ; 10.874 ; 11.512 ; 11.512 ; 10.874 ;
; select_sum[1] ; d1[0]       ; 11.284 ; 10.623 ; 10.623 ; 11.284 ;
; select_sum[1] ; d1[1]       ; 11.188 ; 10.495 ; 10.495 ; 11.188 ;
; select_sum[1] ; d1[2]       ; 11.251 ; 10.590 ; 10.590 ; 11.251 ;
; select_sum[1] ; d1[3]       ; 11.279 ; 10.603 ; 10.603 ; 11.279 ;
; select_sum[1] ; d1[4]       ; 11.280 ; 10.703 ; 10.703 ; 11.280 ;
; select_sum[1] ; d1[5]       ; 11.499 ; 10.788 ; 10.788 ; 11.499 ;
; select_sum[1] ; d1[6]       ; 11.484 ; 10.636 ; 10.636 ; 11.484 ;
; select_sum[1] ; d1[7]       ; 11.230 ; 10.572 ; 10.572 ; 11.230 ;
; select_sum[1] ; d1[8]       ; 11.112 ; 10.438 ; 10.438 ; 11.112 ;
; select_sum[1] ; d1[9]       ; 11.131 ; 10.467 ; 10.467 ; 11.131 ;
; select_sum[1] ; d1[10]      ; 11.398 ; 10.963 ; 10.963 ; 11.398 ;
; select_sum[1] ; d1[11]      ; 11.213 ; 10.773 ; 10.773 ; 11.213 ;
; select_sum[1] ; d1[12]      ; 11.427 ; 10.722 ; 10.722 ; 11.427 ;
; select_sum[1] ; d1[13]      ; 11.002 ; 10.506 ; 10.506 ; 11.002 ;
; select_sum[1] ; d1[14]      ; 11.106 ; 10.440 ; 10.440 ; 11.106 ;
; select_sum[1] ; d1[15]      ; 11.160 ; 10.737 ; 10.737 ; 11.160 ;
; select_sum[1] ; d1[16]      ; 11.619 ; 10.917 ; 10.917 ; 11.619 ;
; select_sum[1] ; d1[17]      ; 11.569 ; 11.176 ; 11.176 ; 11.569 ;
; select_sum[1] ; d1[18]      ; 11.188 ; 10.490 ; 10.490 ; 11.188 ;
; select_sum[1] ; d1[19]      ; 11.814 ; 11.149 ; 11.149 ; 11.814 ;
; select_sum[1] ; d1[20]      ; 11.615 ; 10.933 ; 10.933 ; 11.615 ;
; select_sum[1] ; d1[21]      ; 11.458 ; 10.756 ; 10.756 ; 11.458 ;
; select_sum[1] ; d1[22]      ; 11.356 ; 10.677 ; 10.677 ; 11.356 ;
; select_sum[1] ; d1[23]      ; 11.807 ; 11.131 ; 11.131 ; 11.807 ;
+---------------+-------------+--------+--------+--------+--------+


----------------------------
; Fast Model Setup Summary ;
----------------------------
No paths to report.


---------------------------
; Fast Model Hold Summary ;
---------------------------
No paths to report.


-------------------------------
; Fast Model Recovery Summary ;
-------------------------------
No paths to report.


------------------------------
; Fast Model Removal Summary ;
------------------------------
No paths to report.


------------------------------------------
; Fast Model Minimum Pulse Width Summary ;
------------------------------------------
No paths to report.


+-------------------------------------------------------------+
; Propagation Delay                                           ;
+---------------+-------------+-------+-------+-------+-------+
; Input Port    ; Output Port ; RR    ; RF    ; FR    ; FF    ;
+---------------+-------------+-------+-------+-------+-------+
; reg_1[0]      ; d1[0]       ; 3.729 ;       ;       ; 3.729 ;
; reg_1[1]      ; d1[1]       ; 5.493 ;       ;       ; 5.493 ;
; reg_1[2]      ; d1[2]       ; 5.553 ;       ;       ; 5.553 ;
; reg_1[3]      ; d1[3]       ; 5.610 ;       ;       ; 5.610 ;
; reg_1[4]      ; d1[4]       ; 5.573 ;       ;       ; 5.573 ;
; reg_1[5]      ; d1[5]       ; 5.565 ;       ;       ; 5.565 ;
; reg_1[6]      ; d1[6]       ; 5.598 ;       ;       ; 5.598 ;
; reg_1[7]      ; d1[7]       ; 5.535 ;       ;       ; 5.535 ;
; reg_1[8]      ; d1[8]       ; 5.484 ;       ;       ; 5.484 ;
; reg_1[9]      ; d1[9]       ; 5.614 ;       ;       ; 5.614 ;
; reg_1[10]     ; d1[10]      ; 5.568 ;       ;       ; 5.568 ;
; reg_1[11]     ; d1[11]      ; 5.646 ;       ;       ; 5.646 ;
; reg_1[12]     ; d1[12]      ; 5.420 ;       ;       ; 5.420 ;
; reg_1[13]     ; d1[13]      ; 5.579 ;       ;       ; 5.579 ;
; reg_1[14]     ; d1[14]      ; 5.320 ;       ;       ; 5.320 ;
; reg_1[15]     ; d1[15]      ; 5.522 ;       ;       ; 5.522 ;
; reg_1[16]     ; d1[16]      ; 5.763 ;       ;       ; 5.763 ;
; reg_1[17]     ; d1[17]      ; 5.728 ;       ;       ; 5.728 ;
; reg_1[18]     ; d1[18]      ; 5.604 ;       ;       ; 5.604 ;
; reg_1[19]     ; d1[19]      ; 5.979 ;       ;       ; 5.979 ;
; reg_1[20]     ; d1[20]      ; 5.869 ;       ;       ; 5.869 ;
; reg_1[21]     ; d1[21]      ; 5.606 ;       ;       ; 5.606 ;
; reg_1[22]     ; d1[22]      ; 5.604 ;       ;       ; 5.604 ;
; reg_1[23]     ; d1[23]      ; 5.807 ;       ;       ; 5.807 ;
; reg_2[0]      ; d1[0]       ; 5.298 ;       ;       ; 5.298 ;
; reg_2[1]      ; d1[1]       ; 5.381 ;       ;       ; 5.381 ;
; reg_2[2]      ; d1[2]       ; 5.369 ;       ;       ; 5.369 ;
; reg_2[3]      ; d1[3]       ; 5.398 ;       ;       ; 5.398 ;
; reg_2[4]      ; d1[4]       ; 5.138 ;       ;       ; 5.138 ;
; reg_2[5]      ; d1[5]       ; 5.078 ;       ;       ; 5.078 ;
; reg_2[6]      ; d1[6]       ; 5.192 ;       ;       ; 5.192 ;
; reg_2[7]      ; d1[7]       ; 5.084 ;       ;       ; 5.084 ;
; reg_2[8]      ; d1[8]       ; 5.321 ;       ;       ; 5.321 ;
; reg_2[9]      ; d1[9]       ; 5.177 ;       ;       ; 5.177 ;
; reg_2[10]     ; d1[10]      ; 5.556 ;       ;       ; 5.556 ;
; reg_2[11]     ; d1[11]      ; 5.303 ;       ;       ; 5.303 ;
; reg_2[12]     ; d1[12]      ; 5.119 ;       ;       ; 5.119 ;
; reg_2[13]     ; d1[13]      ; 5.456 ;       ;       ; 5.456 ;
; reg_2[14]     ; d1[14]      ; 5.320 ;       ;       ; 5.320 ;
; reg_2[15]     ; d1[15]      ; 5.116 ;       ;       ; 5.116 ;
; reg_2[16]     ; d1[16]      ; 5.426 ;       ;       ; 5.426 ;
; reg_2[17]     ; d1[17]      ; 5.483 ;       ;       ; 5.483 ;
; reg_2[18]     ; d1[18]      ; 5.519 ;       ;       ; 5.519 ;
; reg_2[19]     ; d1[19]      ; 5.446 ;       ;       ; 5.446 ;
; reg_2[20]     ; d1[20]      ; 5.267 ;       ;       ; 5.267 ;
; reg_2[21]     ; d1[21]      ; 5.619 ;       ;       ; 5.619 ;
; reg_2[22]     ; d1[22]      ; 5.380 ;       ;       ; 5.380 ;
; reg_2[23]     ; d1[23]      ; 5.315 ;       ;       ; 5.315 ;
; rom_in[0]     ; d1[0]       ; 3.472 ;       ;       ; 3.472 ;
; rom_in[1]     ; d1[1]       ; 5.350 ;       ;       ; 5.350 ;
; rom_in[2]     ; d1[2]       ; 5.516 ;       ;       ; 5.516 ;
; rom_in[3]     ; d1[3]       ; 5.699 ;       ;       ; 5.699 ;
; rom_in[4]     ; d1[4]       ; 5.491 ;       ;       ; 5.491 ;
; rom_in[5]     ; d1[5]       ; 5.421 ;       ;       ; 5.421 ;
; rom_in[6]     ; d1[6]       ; 5.532 ;       ;       ; 5.532 ;
; rom_in[7]     ; d1[7]       ; 5.654 ;       ;       ; 5.654 ;
; rom_in[8]     ; d1[8]       ; 5.724 ;       ;       ; 5.724 ;
; rom_in[9]     ; d1[9]       ; 5.626 ;       ;       ; 5.626 ;
; rom_in[10]    ; d1[10]      ; 5.896 ;       ;       ; 5.896 ;
; rom_in[11]    ; d1[11]      ; 5.723 ;       ;       ; 5.723 ;
; rom_in[12]    ; d1[12]      ; 5.593 ;       ;       ; 5.593 ;
; rom_in[13]    ; d1[13]      ; 5.356 ;       ;       ; 5.356 ;
; rom_in[14]    ; d1[14]      ; 5.533 ;       ;       ; 5.533 ;
; rom_in[15]    ; d1[15]      ; 5.558 ;       ;       ; 5.558 ;
; rom_in[16]    ; d1[16]      ; 5.807 ;       ;       ; 5.807 ;
; rom_in[17]    ; d1[17]      ; 5.715 ;       ;       ; 5.715 ;
; rom_in[18]    ; d1[18]      ; 5.373 ;       ;       ; 5.373 ;
; rom_in[19]    ; d1[19]      ; 5.866 ;       ;       ; 5.866 ;
; rom_in[20]    ; d1[20]      ; 5.775 ;       ;       ; 5.775 ;
; rom_in[21]    ; d1[21]      ; 5.839 ;       ;       ; 5.839 ;
; rom_in[22]    ; d1[22]      ; 5.760 ;       ;       ; 5.760 ;
; rom_in[23]    ; d1[23]      ; 5.712 ;       ;       ; 5.712 ;
; select_sum[0] ; d1[0]       ; 5.658 ; 6.067 ; 6.067 ; 5.658 ;
; select_sum[0] ; d1[1]       ; 5.564 ; 5.853 ; 5.853 ; 5.564 ;
; select_sum[0] ; d1[2]       ; 5.659 ; 5.939 ; 5.939 ; 5.659 ;
; select_sum[0] ; d1[3]       ; 5.667 ; 5.941 ; 5.941 ; 5.667 ;
; select_sum[0] ; d1[4]       ; 5.626 ; 5.918 ; 5.918 ; 5.626 ;
; select_sum[0] ; d1[5]       ; 5.682 ; 5.976 ; 5.976 ; 5.682 ;
; select_sum[0] ; d1[6]       ; 5.673 ; 5.968 ; 5.968 ; 5.673 ;
; select_sum[0] ; d1[7]       ; 5.619 ; 5.913 ; 5.913 ; 5.619 ;
; select_sum[0] ; d1[8]       ; 5.979 ; 6.268 ; 6.268 ; 5.979 ;
; select_sum[0] ; d1[9]       ; 6.054 ; 6.258 ; 6.258 ; 6.054 ;
; select_sum[0] ; d1[10]      ; 6.126 ; 6.502 ; 6.502 ; 6.126 ;
; select_sum[0] ; d1[11]      ; 6.005 ; 6.385 ; 6.385 ; 6.005 ;
; select_sum[0] ; d1[12]      ; 5.967 ; 6.260 ; 6.260 ; 5.967 ;
; select_sum[0] ; d1[13]      ; 6.100 ; 6.234 ; 6.234 ; 6.100 ;
; select_sum[0] ; d1[14]      ; 6.061 ; 6.346 ; 6.346 ; 6.061 ;
; select_sum[0] ; d1[15]      ; 5.985 ; 6.275 ; 6.275 ; 5.985 ;
; select_sum[0] ; d1[16]      ; 5.983 ; 6.189 ; 6.189 ; 5.983 ;
; select_sum[0] ; d1[17]      ; 6.022 ; 6.181 ; 6.181 ; 6.022 ;
; select_sum[0] ; d1[18]      ; 5.787 ; 6.010 ; 6.010 ; 5.787 ;
; select_sum[0] ; d1[19]      ; 6.002 ; 6.288 ; 6.288 ; 6.002 ;
; select_sum[0] ; d1[20]      ; 5.914 ; 6.207 ; 6.207 ; 5.914 ;
; select_sum[0] ; d1[21]      ; 5.930 ; 6.140 ; 6.140 ; 5.930 ;
; select_sum[0] ; d1[22]      ; 5.783 ; 6.077 ; 6.077 ; 5.783 ;
; select_sum[0] ; d1[23]      ; 5.986 ; 6.277 ; 6.277 ; 5.986 ;
; select_sum[1] ; d1[0]       ; 6.118 ; 6.118 ; 6.118 ; 6.118 ;
; select_sum[1] ; d1[1]       ; 6.097 ; 6.097 ; 6.097 ; 6.097 ;
; select_sum[1] ; d1[2]       ; 6.098 ; 6.098 ; 6.098 ; 6.098 ;
; select_sum[1] ; d1[3]       ; 6.129 ; 6.129 ; 6.129 ; 6.129 ;
; select_sum[1] ; d1[4]       ; 6.106 ; 6.106 ; 6.106 ; 6.106 ;
; select_sum[1] ; d1[5]       ; 6.234 ; 6.234 ; 6.234 ; 6.234 ;
; select_sum[1] ; d1[6]       ; 6.227 ; 6.227 ; 6.227 ; 6.227 ;
; select_sum[1] ; d1[7]       ; 6.077 ; 6.077 ; 6.077 ; 6.077 ;
; select_sum[1] ; d1[8]       ; 6.078 ; 6.078 ; 6.078 ; 6.078 ;
; select_sum[1] ; d1[9]       ; 6.068 ; 6.068 ; 6.068 ; 6.068 ;
; select_sum[1] ; d1[10]      ; 6.231 ; 6.231 ; 6.231 ; 6.231 ;
; select_sum[1] ; d1[11]      ; 6.114 ; 6.114 ; 6.114 ; 6.114 ;
; select_sum[1] ; d1[12]      ; 6.188 ; 6.188 ; 6.188 ; 6.188 ;
; select_sum[1] ; d1[13]      ; 6.044 ; 6.044 ; 6.044 ; 6.044 ;
; select_sum[1] ; d1[14]      ; 6.075 ; 6.075 ; 6.075 ; 6.075 ;
; select_sum[1] ; d1[15]      ; 6.085 ; 6.085 ; 6.085 ; 6.085 ;
; select_sum[1] ; d1[16]      ; 6.351 ; 6.351 ; 6.351 ; 6.351 ;
; select_sum[1] ; d1[17]      ; 6.334 ; 6.334 ; 6.334 ; 6.334 ;
; select_sum[1] ; d1[18]      ; 6.167 ; 6.167 ; 6.167 ; 6.167 ;
; select_sum[1] ; d1[19]      ; 6.445 ; 6.445 ; 6.445 ; 6.445 ;
; select_sum[1] ; d1[20]      ; 6.360 ; 6.360 ; 6.360 ; 6.360 ;
; select_sum[1] ; d1[21]      ; 6.298 ; 6.298 ; 6.298 ; 6.298 ;
; select_sum[1] ; d1[22]      ; 6.230 ; 6.230 ; 6.230 ; 6.230 ;
; select_sum[1] ; d1[23]      ; 6.430 ; 6.430 ; 6.430 ; 6.430 ;
+---------------+-------------+-------+-------+-------+-------+


+-------------------------------------------------------------+
; Minimum Propagation Delay                                   ;
+---------------+-------------+-------+-------+-------+-------+
; Input Port    ; Output Port ; RR    ; RF    ; FR    ; FF    ;
+---------------+-------------+-------+-------+-------+-------+
; reg_1[0]      ; d1[0]       ; 3.729 ;       ;       ; 3.729 ;
; reg_1[1]      ; d1[1]       ; 5.493 ;       ;       ; 5.493 ;
; reg_1[2]      ; d1[2]       ; 5.553 ;       ;       ; 5.553 ;
; reg_1[3]      ; d1[3]       ; 5.610 ;       ;       ; 5.610 ;
; reg_1[4]      ; d1[4]       ; 5.573 ;       ;       ; 5.573 ;
; reg_1[5]      ; d1[5]       ; 5.565 ;       ;       ; 5.565 ;
; reg_1[6]      ; d1[6]       ; 5.598 ;       ;       ; 5.598 ;
; reg_1[7]      ; d1[7]       ; 5.535 ;       ;       ; 5.535 ;
; reg_1[8]      ; d1[8]       ; 5.484 ;       ;       ; 5.484 ;
; reg_1[9]      ; d1[9]       ; 5.614 ;       ;       ; 5.614 ;
; reg_1[10]     ; d1[10]      ; 5.568 ;       ;       ; 5.568 ;
; reg_1[11]     ; d1[11]      ; 5.646 ;       ;       ; 5.646 ;
; reg_1[12]     ; d1[12]      ; 5.420 ;       ;       ; 5.420 ;
; reg_1[13]     ; d1[13]      ; 5.579 ;       ;       ; 5.579 ;
; reg_1[14]     ; d1[14]      ; 5.320 ;       ;       ; 5.320 ;
; reg_1[15]     ; d1[15]      ; 5.522 ;       ;       ; 5.522 ;
; reg_1[16]     ; d1[16]      ; 5.763 ;       ;       ; 5.763 ;
; reg_1[17]     ; d1[17]      ; 5.728 ;       ;       ; 5.728 ;
; reg_1[18]     ; d1[18]      ; 5.604 ;       ;       ; 5.604 ;
; reg_1[19]     ; d1[19]      ; 5.979 ;       ;       ; 5.979 ;
; reg_1[20]     ; d1[20]      ; 5.869 ;       ;       ; 5.869 ;
; reg_1[21]     ; d1[21]      ; 5.606 ;       ;       ; 5.606 ;
; reg_1[22]     ; d1[22]      ; 5.604 ;       ;       ; 5.604 ;
; reg_1[23]     ; d1[23]      ; 5.807 ;       ;       ; 5.807 ;
; reg_2[0]      ; d1[0]       ; 5.298 ;       ;       ; 5.298 ;
; reg_2[1]      ; d1[1]       ; 5.381 ;       ;       ; 5.381 ;
; reg_2[2]      ; d1[2]       ; 5.369 ;       ;       ; 5.369 ;
; reg_2[3]      ; d1[3]       ; 5.398 ;       ;       ; 5.398 ;
; reg_2[4]      ; d1[4]       ; 5.138 ;       ;       ; 5.138 ;
; reg_2[5]      ; d1[5]       ; 5.078 ;       ;       ; 5.078 ;
; reg_2[6]      ; d1[6]       ; 5.192 ;       ;       ; 5.192 ;
; reg_2[7]      ; d1[7]       ; 5.084 ;       ;       ; 5.084 ;
; reg_2[8]      ; d1[8]       ; 5.321 ;       ;       ; 5.321 ;
; reg_2[9]      ; d1[9]       ; 5.177 ;       ;       ; 5.177 ;
; reg_2[10]     ; d1[10]      ; 5.556 ;       ;       ; 5.556 ;
; reg_2[11]     ; d1[11]      ; 5.303 ;       ;       ; 5.303 ;
; reg_2[12]     ; d1[12]      ; 5.119 ;       ;       ; 5.119 ;
; reg_2[13]     ; d1[13]      ; 5.456 ;       ;       ; 5.456 ;
; reg_2[14]     ; d1[14]      ; 5.320 ;       ;       ; 5.320 ;
; reg_2[15]     ; d1[15]      ; 5.116 ;       ;       ; 5.116 ;
; reg_2[16]     ; d1[16]      ; 5.426 ;       ;       ; 5.426 ;
; reg_2[17]     ; d1[17]      ; 5.483 ;       ;       ; 5.483 ;
; reg_2[18]     ; d1[18]      ; 5.519 ;       ;       ; 5.519 ;
; reg_2[19]     ; d1[19]      ; 5.446 ;       ;       ; 5.446 ;
; reg_2[20]     ; d1[20]      ; 5.267 ;       ;       ; 5.267 ;
; reg_2[21]     ; d1[21]      ; 5.619 ;       ;       ; 5.619 ;
; reg_2[22]     ; d1[22]      ; 5.380 ;       ;       ; 5.380 ;
; reg_2[23]     ; d1[23]      ; 5.315 ;       ;       ; 5.315 ;
; rom_in[0]     ; d1[0]       ; 3.472 ;       ;       ; 3.472 ;
; rom_in[1]     ; d1[1]       ; 5.350 ;       ;       ; 5.350 ;
; rom_in[2]     ; d1[2]       ; 5.516 ;       ;       ; 5.516 ;
; rom_in[3]     ; d1[3]       ; 5.699 ;       ;       ; 5.699 ;
; rom_in[4]     ; d1[4]       ; 5.491 ;       ;       ; 5.491 ;
; rom_in[5]     ; d1[5]       ; 5.421 ;       ;       ; 5.421 ;
; rom_in[6]     ; d1[6]       ; 5.532 ;       ;       ; 5.532 ;
; rom_in[7]     ; d1[7]       ; 5.654 ;       ;       ; 5.654 ;
; rom_in[8]     ; d1[8]       ; 5.724 ;       ;       ; 5.724 ;
; rom_in[9]     ; d1[9]       ; 5.626 ;       ;       ; 5.626 ;
; rom_in[10]    ; d1[10]      ; 5.896 ;       ;       ; 5.896 ;
; rom_in[11]    ; d1[11]      ; 5.723 ;       ;       ; 5.723 ;
; rom_in[12]    ; d1[12]      ; 5.593 ;       ;       ; 5.593 ;
; rom_in[13]    ; d1[13]      ; 5.356 ;       ;       ; 5.356 ;
; rom_in[14]    ; d1[14]      ; 5.533 ;       ;       ; 5.533 ;
; rom_in[15]    ; d1[15]      ; 5.558 ;       ;       ; 5.558 ;
; rom_in[16]    ; d1[16]      ; 5.807 ;       ;       ; 5.807 ;
; rom_in[17]    ; d1[17]      ; 5.715 ;       ;       ; 5.715 ;
; rom_in[18]    ; d1[18]      ; 5.373 ;       ;       ; 5.373 ;
; rom_in[19]    ; d1[19]      ; 5.866 ;       ;       ; 5.866 ;
; rom_in[20]    ; d1[20]      ; 5.775 ;       ;       ; 5.775 ;
; rom_in[21]    ; d1[21]      ; 5.839 ;       ;       ; 5.839 ;
; rom_in[22]    ; d1[22]      ; 5.760 ;       ;       ; 5.760 ;
; rom_in[23]    ; d1[23]      ; 5.712 ;       ;       ; 5.712 ;
; select_sum[0] ; d1[0]       ; 5.658 ; 6.067 ; 6.067 ; 5.658 ;
; select_sum[0] ; d1[1]       ; 5.564 ; 5.853 ; 5.853 ; 5.564 ;
; select_sum[0] ; d1[2]       ; 5.659 ; 5.939 ; 5.939 ; 5.659 ;
; select_sum[0] ; d1[3]       ; 5.667 ; 5.941 ; 5.941 ; 5.667 ;
; select_sum[0] ; d1[4]       ; 5.626 ; 5.918 ; 5.918 ; 5.626 ;
; select_sum[0] ; d1[5]       ; 5.682 ; 5.976 ; 5.976 ; 5.682 ;
; select_sum[0] ; d1[6]       ; 5.673 ; 5.968 ; 5.968 ; 5.673 ;
; select_sum[0] ; d1[7]       ; 5.619 ; 5.913 ; 5.913 ; 5.619 ;
; select_sum[0] ; d1[8]       ; 5.979 ; 6.268 ; 6.268 ; 5.979 ;
; select_sum[0] ; d1[9]       ; 6.054 ; 6.258 ; 6.258 ; 6.054 ;
; select_sum[0] ; d1[10]      ; 6.126 ; 6.502 ; 6.502 ; 6.126 ;
; select_sum[0] ; d1[11]      ; 6.005 ; 6.385 ; 6.385 ; 6.005 ;
; select_sum[0] ; d1[12]      ; 5.967 ; 6.260 ; 6.260 ; 5.967 ;
; select_sum[0] ; d1[13]      ; 6.100 ; 6.234 ; 6.234 ; 6.100 ;
; select_sum[0] ; d1[14]      ; 6.061 ; 6.346 ; 6.346 ; 6.061 ;
; select_sum[0] ; d1[15]      ; 5.985 ; 6.275 ; 6.275 ; 5.985 ;
; select_sum[0] ; d1[16]      ; 5.983 ; 6.189 ; 6.189 ; 5.983 ;
; select_sum[0] ; d1[17]      ; 6.022 ; 6.181 ; 6.181 ; 6.022 ;
; select_sum[0] ; d1[18]      ; 5.787 ; 6.010 ; 6.010 ; 5.787 ;
; select_sum[0] ; d1[19]      ; 6.002 ; 6.288 ; 6.288 ; 6.002 ;
; select_sum[0] ; d1[20]      ; 5.914 ; 6.207 ; 6.207 ; 5.914 ;
; select_sum[0] ; d1[21]      ; 5.930 ; 6.140 ; 6.140 ; 5.930 ;
; select_sum[0] ; d1[22]      ; 5.783 ; 6.077 ; 6.077 ; 5.783 ;
; select_sum[0] ; d1[23]      ; 5.986 ; 6.277 ; 6.277 ; 5.986 ;
; select_sum[1] ; d1[0]       ; 6.118 ; 5.843 ; 5.843 ; 6.118 ;
; select_sum[1] ; d1[1]       ; 6.097 ; 5.803 ; 5.803 ; 6.097 ;
; select_sum[1] ; d1[2]       ; 6.098 ; 5.815 ; 5.815 ; 6.098 ;
; select_sum[1] ; d1[3]       ; 6.129 ; 5.828 ; 5.828 ; 6.129 ;
; select_sum[1] ; d1[4]       ; 6.106 ; 5.862 ; 5.862 ; 6.106 ;
; select_sum[1] ; d1[5]       ; 6.234 ; 5.928 ; 5.928 ; 6.234 ;
; select_sum[1] ; d1[6]       ; 6.227 ; 5.858 ; 5.858 ; 6.227 ;
; select_sum[1] ; d1[7]       ; 6.077 ; 5.805 ; 5.805 ; 6.077 ;
; select_sum[1] ; d1[8]       ; 6.078 ; 5.788 ; 5.788 ; 6.078 ;
; select_sum[1] ; d1[9]       ; 6.068 ; 5.783 ; 5.783 ; 6.068 ;
; select_sum[1] ; d1[10]      ; 6.231 ; 6.053 ; 6.053 ; 6.231 ;
; select_sum[1] ; d1[11]      ; 6.114 ; 5.932 ; 5.932 ; 6.114 ;
; select_sum[1] ; d1[12]      ; 6.188 ; 5.894 ; 5.894 ; 6.188 ;
; select_sum[1] ; d1[13]      ; 6.044 ; 5.829 ; 5.829 ; 6.044 ;
; select_sum[1] ; d1[14]      ; 6.075 ; 5.791 ; 5.791 ; 6.075 ;
; select_sum[1] ; d1[15]      ; 6.085 ; 5.913 ; 5.913 ; 6.085 ;
; select_sum[1] ; d1[16]      ; 6.351 ; 6.031 ; 6.031 ; 6.351 ;
; select_sum[1] ; d1[17]      ; 6.334 ; 6.176 ; 6.176 ; 6.334 ;
; select_sum[1] ; d1[18]      ; 6.167 ; 5.848 ; 5.848 ; 6.167 ;
; select_sum[1] ; d1[19]      ; 6.445 ; 6.159 ; 6.159 ; 6.445 ;
; select_sum[1] ; d1[20]      ; 6.360 ; 6.068 ; 6.068 ; 6.360 ;
; select_sum[1] ; d1[21]      ; 6.298 ; 5.980 ; 5.980 ; 6.298 ;
; select_sum[1] ; d1[22]      ; 6.230 ; 5.940 ; 5.940 ; 6.230 ;
; select_sum[1] ; d1[23]      ; 6.430 ; 6.141 ; 6.141 ; 6.430 ;
+---------------+-------------+-------+-------+-------+-------+


+----------------------------------------------------------------------------+
; Multicorner Timing Analysis Summary                                        ;
+------------------+-------+------+----------+---------+---------------------+
; Clock            ; Setup ; Hold ; Recovery ; Removal ; Minimum Pulse Width ;
+------------------+-------+------+----------+---------+---------------------+
; Worst-case Slack ; N/A   ; N/A  ; N/A      ; N/A     ; N/A                 ;
; Design-wide TNS  ; 0.0   ; 0.0  ; 0.0      ; 0.0     ; 0.0                 ;
+------------------+-------+------+----------+---------+---------------------+


+-----------------------------------------------------------------+
; Progagation Delay                                               ;
+---------------+-------------+--------+--------+--------+--------+
; Input Port    ; Output Port ; RR     ; RF     ; FR     ; FF     ;
+---------------+-------------+--------+--------+--------+--------+
; reg_1[0]      ; d1[0]       ; 7.370  ;        ;        ; 7.370  ;
; reg_1[1]      ; d1[1]       ; 9.941  ;        ;        ; 9.941  ;
; reg_1[2]      ; d1[2]       ; 10.113 ;        ;        ; 10.113 ;
; reg_1[3]      ; d1[3]       ; 10.199 ;        ;        ; 10.199 ;
; reg_1[4]      ; d1[4]       ; 10.176 ;        ;        ; 10.176 ;
; reg_1[5]      ; d1[5]       ; 10.181 ;        ;        ; 10.181 ;
; reg_1[6]      ; d1[6]       ; 10.214 ;        ;        ; 10.214 ;
; reg_1[7]      ; d1[7]       ; 10.091 ;        ;        ; 10.091 ;
; reg_1[8]      ; d1[8]       ; 10.000 ;        ;        ; 10.000 ;
; reg_1[9]      ; d1[9]       ; 10.311 ;        ;        ; 10.311 ;
; reg_1[10]     ; d1[10]      ; 10.133 ;        ;        ; 10.133 ;
; reg_1[11]     ; d1[11]      ; 10.271 ;        ;        ; 10.271 ;
; reg_1[12]     ; d1[12]      ; 9.859  ;        ;        ; 9.859  ;
; reg_1[13]     ; d1[13]      ; 10.173 ;        ;        ; 10.173 ;
; reg_1[14]     ; d1[14]      ; 9.626  ;        ;        ; 9.626  ;
; reg_1[15]     ; d1[15]      ; 10.099 ;        ;        ; 10.099 ;
; reg_1[16]     ; d1[16]      ; 10.553 ;        ;        ; 10.553 ;
; reg_1[17]     ; d1[17]      ; 10.507 ;        ;        ; 10.507 ;
; reg_1[18]     ; d1[18]      ; 10.183 ;        ;        ; 10.183 ;
; reg_1[19]     ; d1[19]      ; 11.019 ;        ;        ; 11.019 ;
; reg_1[20]     ; d1[20]      ; 10.790 ;        ;        ; 10.790 ;
; reg_1[21]     ; d1[21]      ; 10.159 ;        ;        ; 10.159 ;
; reg_1[22]     ; d1[22]      ; 10.242 ;        ;        ; 10.242 ;
; reg_1[23]     ; d1[23]      ; 10.731 ;        ;        ; 10.731 ;
; reg_2[0]      ; d1[0]       ; 9.508  ;        ;        ; 9.508  ;
; reg_2[1]      ; d1[1]       ; 9.645  ;        ;        ; 9.645  ;
; reg_2[2]      ; d1[2]       ; 9.695  ;        ;        ; 9.695  ;
; reg_2[3]      ; d1[3]       ; 9.728  ;        ;        ; 9.728  ;
; reg_2[4]      ; d1[4]       ; 9.241  ;        ;        ; 9.241  ;
; reg_2[5]      ; d1[5]       ; 9.042  ;        ;        ; 9.042  ;
; reg_2[6]      ; d1[6]       ; 9.252  ;        ;        ; 9.252  ;
; reg_2[7]      ; d1[7]       ; 9.094  ;        ;        ; 9.094  ;
; reg_2[8]      ; d1[8]       ; 9.528  ;        ;        ; 9.528  ;
; reg_2[9]      ; d1[9]       ; 9.294  ;        ;        ; 9.294  ;
; reg_2[10]     ; d1[10]      ; 9.884  ;        ;        ; 9.884  ;
; reg_2[11]     ; d1[11]      ; 9.432  ;        ;        ; 9.432  ;
; reg_2[12]     ; d1[12]      ; 9.149  ;        ;        ; 9.149  ;
; reg_2[13]     ; d1[13]      ; 9.733  ;        ;        ; 9.733  ;
; reg_2[14]     ; d1[14]      ; 9.486  ;        ;        ; 9.486  ;
; reg_2[15]     ; d1[15]      ; 9.135  ;        ;        ; 9.135  ;
; reg_2[16]     ; d1[16]      ; 9.809  ;        ;        ; 9.809  ;
; reg_2[17]     ; d1[17]      ; 9.920  ;        ;        ; 9.920  ;
; reg_2[18]     ; d1[18]      ; 9.962  ;        ;        ; 9.962  ;
; reg_2[19]     ; d1[19]      ; 9.826  ;        ;        ; 9.826  ;
; reg_2[20]     ; d1[20]      ; 9.398  ;        ;        ; 9.398  ;
; reg_2[21]     ; d1[21]      ; 10.172 ;        ;        ; 10.172 ;
; reg_2[22]     ; d1[22]      ; 9.661  ;        ;        ; 9.661  ;
; reg_2[23]     ; d1[23]      ; 9.544  ;        ;        ; 9.544  ;
; rom_in[0]     ; d1[0]       ; 6.864  ;        ;        ; 6.864  ;
; rom_in[1]     ; d1[1]       ; 9.696  ;        ;        ; 9.696  ;
; rom_in[2]     ; d1[2]       ; 10.089 ;        ;        ; 10.089 ;
; rom_in[3]     ; d1[3]       ; 10.408 ;        ;        ; 10.408 ;
; rom_in[4]     ; d1[4]       ; 10.068 ;        ;        ; 10.068 ;
; rom_in[5]     ; d1[5]       ; 9.792  ;        ;        ; 9.792  ;
; rom_in[6]     ; d1[6]       ; 10.054 ;        ;        ; 10.054 ;
; rom_in[7]     ; d1[7]       ; 10.359 ;        ;        ; 10.359 ;
; rom_in[8]     ; d1[8]       ; 10.342 ;        ;        ; 10.342 ;
; rom_in[9]     ; d1[9]       ; 10.336 ;        ;        ; 10.336 ;
; rom_in[10]    ; d1[10]      ; 10.680 ;        ;        ; 10.680 ;
; rom_in[11]    ; d1[11]      ; 10.411 ;        ;        ; 10.411 ;
; rom_in[12]    ; d1[12]      ; 10.242 ;        ;        ; 10.242 ;
; rom_in[13]    ; d1[13]      ; 9.681  ;        ;        ; 9.681  ;
; rom_in[14]    ; d1[14]      ; 10.070 ;        ;        ; 10.070 ;
; rom_in[15]    ; d1[15]      ; 10.159 ;        ;        ; 10.159 ;
; rom_in[16]    ; d1[16]      ; 10.635 ;        ;        ; 10.635 ;
; rom_in[17]    ; d1[17]      ; 10.462 ;        ;        ; 10.462 ;
; rom_in[18]    ; d1[18]      ; 9.664  ;        ;        ; 9.664  ;
; rom_in[19]    ; d1[19]      ; 10.756 ;        ;        ; 10.756 ;
; rom_in[20]    ; d1[20]      ; 10.571 ;        ;        ; 10.571 ;
; rom_in[21]    ; d1[21]      ; 10.682 ;        ;        ; 10.682 ;
; rom_in[22]    ; d1[22]      ; 10.563 ;        ;        ; 10.563 ;
; rom_in[23]    ; d1[23]      ; 10.485 ;        ;        ; 10.485 ;
; select_sum[0] ; d1[0]       ; 10.171 ; 11.077 ; 11.077 ; 10.171 ;
; select_sum[0] ; d1[1]       ; 9.914  ; 10.608 ; 10.608 ; 9.914  ;
; select_sum[0] ; d1[2]       ; 10.166 ; 10.827 ; 10.827 ; 10.166 ;
; select_sum[0] ; d1[3]       ; 10.172 ; 10.827 ; 10.827 ; 10.172 ;
; select_sum[0] ; d1[4]       ; 10.126 ; 10.828 ; 10.828 ; 10.126 ;
; select_sum[0] ; d1[5]       ; 10.201 ; 10.906 ; 10.906 ; 10.201 ;
; select_sum[0] ; d1[6]       ; 10.184 ; 10.891 ; 10.891 ; 10.184 ;
; select_sum[0] ; d1[7]       ; 10.120 ; 10.799 ; 10.799 ; 10.120 ;
; select_sum[0] ; d1[8]       ; 10.768 ; 11.442 ; 11.442 ; 10.768 ;
; select_sum[0] ; d1[9]       ; 10.972 ; 11.460 ; 11.460 ; 10.972 ;
; select_sum[0] ; d1[10]      ; 11.020 ; 11.863 ; 11.863 ; 11.020 ;
; select_sum[0] ; d1[11]      ; 10.831 ; 11.678 ; 11.678 ; 10.831 ;
; select_sum[0] ; d1[12]      ; 10.778 ; 11.483 ; 11.483 ; 10.778 ;
; select_sum[0] ; d1[13]      ; 11.012 ; 11.332 ; 11.332 ; 11.012 ;
; select_sum[0] ; d1[14]      ; 10.945 ; 11.571 ; 11.571 ; 10.945 ;
; select_sum[0] ; d1[15]      ; 10.793 ; 11.490 ; 11.490 ; 10.793 ;
; select_sum[0] ; d1[16]      ; 10.866 ; 11.312 ; 11.312 ; 10.866 ;
; select_sum[0] ; d1[17]      ; 10.924 ; 11.271 ; 11.271 ; 10.924 ;
; select_sum[0] ; d1[18]      ; 10.423 ; 10.887 ; 10.887 ; 10.423 ;
; select_sum[0] ; d1[19]      ; 10.887 ; 11.516 ; 11.516 ; 10.887 ;
; select_sum[0] ; d1[20]      ; 10.675 ; 11.318 ; 11.318 ; 10.675 ;
; select_sum[0] ; d1[21]      ; 10.704 ; 11.151 ; 11.151 ; 10.704 ;
; select_sum[0] ; d1[22]      ; 10.420 ; 11.059 ; 11.059 ; 10.420 ;
; select_sum[0] ; d1[23]      ; 10.874 ; 11.512 ; 11.512 ; 10.874 ;
; select_sum[1] ; d1[0]       ; 11.284 ; 11.284 ; 11.284 ; 11.284 ;
; select_sum[1] ; d1[1]       ; 11.188 ; 11.188 ; 11.188 ; 11.188 ;
; select_sum[1] ; d1[2]       ; 11.251 ; 11.251 ; 11.251 ; 11.251 ;
; select_sum[1] ; d1[3]       ; 11.279 ; 11.279 ; 11.279 ; 11.279 ;
; select_sum[1] ; d1[4]       ; 11.280 ; 11.280 ; 11.280 ; 11.280 ;
; select_sum[1] ; d1[5]       ; 11.499 ; 11.499 ; 11.499 ; 11.499 ;
; select_sum[1] ; d1[6]       ; 11.484 ; 11.484 ; 11.484 ; 11.484 ;
; select_sum[1] ; d1[7]       ; 11.230 ; 11.230 ; 11.230 ; 11.230 ;
; select_sum[1] ; d1[8]       ; 11.112 ; 11.112 ; 11.112 ; 11.112 ;
; select_sum[1] ; d1[9]       ; 11.131 ; 11.131 ; 11.131 ; 11.131 ;
; select_sum[1] ; d1[10]      ; 11.398 ; 11.398 ; 11.398 ; 11.398 ;
; select_sum[1] ; d1[11]      ; 11.213 ; 11.213 ; 11.213 ; 11.213 ;
; select_sum[1] ; d1[12]      ; 11.427 ; 11.427 ; 11.427 ; 11.427 ;
; select_sum[1] ; d1[13]      ; 11.002 ; 11.002 ; 11.002 ; 11.002 ;
; select_sum[1] ; d1[14]      ; 11.106 ; 11.106 ; 11.106 ; 11.106 ;
; select_sum[1] ; d1[15]      ; 11.160 ; 11.160 ; 11.160 ; 11.160 ;
; select_sum[1] ; d1[16]      ; 11.619 ; 11.619 ; 11.619 ; 11.619 ;
; select_sum[1] ; d1[17]      ; 11.569 ; 11.569 ; 11.569 ; 11.569 ;
; select_sum[1] ; d1[18]      ; 11.188 ; 11.188 ; 11.188 ; 11.188 ;
; select_sum[1] ; d1[19]      ; 11.814 ; 11.814 ; 11.814 ; 11.814 ;
; select_sum[1] ; d1[20]      ; 11.615 ; 11.615 ; 11.615 ; 11.615 ;
; select_sum[1] ; d1[21]      ; 11.458 ; 11.458 ; 11.458 ; 11.458 ;
; select_sum[1] ; d1[22]      ; 11.356 ; 11.356 ; 11.356 ; 11.356 ;
; select_sum[1] ; d1[23]      ; 11.807 ; 11.807 ; 11.807 ; 11.807 ;
+---------------+-------------+--------+--------+--------+--------+


+-------------------------------------------------------------+
; Minimum Progagation Delay                                   ;
+---------------+-------------+-------+-------+-------+-------+
; Input Port    ; Output Port ; RR    ; RF    ; FR    ; FF    ;
+---------------+-------------+-------+-------+-------+-------+
; reg_1[0]      ; d1[0]       ; 3.729 ;       ;       ; 3.729 ;
; reg_1[1]      ; d1[1]       ; 5.493 ;       ;       ; 5.493 ;
; reg_1[2]      ; d1[2]       ; 5.553 ;       ;       ; 5.553 ;
; reg_1[3]      ; d1[3]       ; 5.610 ;       ;       ; 5.610 ;
; reg_1[4]      ; d1[4]       ; 5.573 ;       ;       ; 5.573 ;
; reg_1[5]      ; d1[5]       ; 5.565 ;       ;       ; 5.565 ;
; reg_1[6]      ; d1[6]       ; 5.598 ;       ;       ; 5.598 ;
; reg_1[7]      ; d1[7]       ; 5.535 ;       ;       ; 5.535 ;
; reg_1[8]      ; d1[8]       ; 5.484 ;       ;       ; 5.484 ;
; reg_1[9]      ; d1[9]       ; 5.614 ;       ;       ; 5.614 ;
; reg_1[10]     ; d1[10]      ; 5.568 ;       ;       ; 5.568 ;
; reg_1[11]     ; d1[11]      ; 5.646 ;       ;       ; 5.646 ;
; reg_1[12]     ; d1[12]      ; 5.420 ;       ;       ; 5.420 ;
; reg_1[13]     ; d1[13]      ; 5.579 ;       ;       ; 5.579 ;
; reg_1[14]     ; d1[14]      ; 5.320 ;       ;       ; 5.320 ;
; reg_1[15]     ; d1[15]      ; 5.522 ;       ;       ; 5.522 ;
; reg_1[16]     ; d1[16]      ; 5.763 ;       ;       ; 5.763 ;
; reg_1[17]     ; d1[17]      ; 5.728 ;       ;       ; 5.728 ;
; reg_1[18]     ; d1[18]      ; 5.604 ;       ;       ; 5.604 ;
; reg_1[19]     ; d1[19]      ; 5.979 ;       ;       ; 5.979 ;
; reg_1[20]     ; d1[20]      ; 5.869 ;       ;       ; 5.869 ;
; reg_1[21]     ; d1[21]      ; 5.606 ;       ;       ; 5.606 ;
; reg_1[22]     ; d1[22]      ; 5.604 ;       ;       ; 5.604 ;
; reg_1[23]     ; d1[23]      ; 5.807 ;       ;       ; 5.807 ;
; reg_2[0]      ; d1[0]       ; 5.298 ;       ;       ; 5.298 ;
; reg_2[1]      ; d1[1]       ; 5.381 ;       ;       ; 5.381 ;
; reg_2[2]      ; d1[2]       ; 5.369 ;       ;       ; 5.369 ;
; reg_2[3]      ; d1[3]       ; 5.398 ;       ;       ; 5.398 ;
; reg_2[4]      ; d1[4]       ; 5.138 ;       ;       ; 5.138 ;
; reg_2[5]      ; d1[5]       ; 5.078 ;       ;       ; 5.078 ;
; reg_2[6]      ; d1[6]       ; 5.192 ;       ;       ; 5.192 ;
; reg_2[7]      ; d1[7]       ; 5.084 ;       ;       ; 5.084 ;
; reg_2[8]      ; d1[8]       ; 5.321 ;       ;       ; 5.321 ;
; reg_2[9]      ; d1[9]       ; 5.177 ;       ;       ; 5.177 ;
; reg_2[10]     ; d1[10]      ; 5.556 ;       ;       ; 5.556 ;
; reg_2[11]     ; d1[11]      ; 5.303 ;       ;       ; 5.303 ;
; reg_2[12]     ; d1[12]      ; 5.119 ;       ;       ; 5.119 ;
; reg_2[13]     ; d1[13]      ; 5.456 ;       ;       ; 5.456 ;
; reg_2[14]     ; d1[14]      ; 5.320 ;       ;       ; 5.320 ;
; reg_2[15]     ; d1[15]      ; 5.116 ;       ;       ; 5.116 ;
; reg_2[16]     ; d1[16]      ; 5.426 ;       ;       ; 5.426 ;
; reg_2[17]     ; d1[17]      ; 5.483 ;       ;       ; 5.483 ;
; reg_2[18]     ; d1[18]      ; 5.519 ;       ;       ; 5.519 ;
; reg_2[19]     ; d1[19]      ; 5.446 ;       ;       ; 5.446 ;
; reg_2[20]     ; d1[20]      ; 5.267 ;       ;       ; 5.267 ;
; reg_2[21]     ; d1[21]      ; 5.619 ;       ;       ; 5.619 ;
; reg_2[22]     ; d1[22]      ; 5.380 ;       ;       ; 5.380 ;
; reg_2[23]     ; d1[23]      ; 5.315 ;       ;       ; 5.315 ;
; rom_in[0]     ; d1[0]       ; 3.472 ;       ;       ; 3.472 ;
; rom_in[1]     ; d1[1]       ; 5.350 ;       ;       ; 5.350 ;
; rom_in[2]     ; d1[2]       ; 5.516 ;       ;       ; 5.516 ;
; rom_in[3]     ; d1[3]       ; 5.699 ;       ;       ; 5.699 ;
; rom_in[4]     ; d1[4]       ; 5.491 ;       ;       ; 5.491 ;
; rom_in[5]     ; d1[5]       ; 5.421 ;       ;       ; 5.421 ;
; rom_in[6]     ; d1[6]       ; 5.532 ;       ;       ; 5.532 ;
; rom_in[7]     ; d1[7]       ; 5.654 ;       ;       ; 5.654 ;
; rom_in[8]     ; d1[8]       ; 5.724 ;       ;       ; 5.724 ;
; rom_in[9]     ; d1[9]       ; 5.626 ;       ;       ; 5.626 ;
; rom_in[10]    ; d1[10]      ; 5.896 ;       ;       ; 5.896 ;
; rom_in[11]    ; d1[11]      ; 5.723 ;       ;       ; 5.723 ;
; rom_in[12]    ; d1[12]      ; 5.593 ;       ;       ; 5.593 ;
; rom_in[13]    ; d1[13]      ; 5.356 ;       ;       ; 5.356 ;
; rom_in[14]    ; d1[14]      ; 5.533 ;       ;       ; 5.533 ;
; rom_in[15]    ; d1[15]      ; 5.558 ;       ;       ; 5.558 ;
; rom_in[16]    ; d1[16]      ; 5.807 ;       ;       ; 5.807 ;
; rom_in[17]    ; d1[17]      ; 5.715 ;       ;       ; 5.715 ;
; rom_in[18]    ; d1[18]      ; 5.373 ;       ;       ; 5.373 ;
; rom_in[19]    ; d1[19]      ; 5.866 ;       ;       ; 5.866 ;
; rom_in[20]    ; d1[20]      ; 5.775 ;       ;       ; 5.775 ;
; rom_in[21]    ; d1[21]      ; 5.839 ;       ;       ; 5.839 ;
; rom_in[22]    ; d1[22]      ; 5.760 ;       ;       ; 5.760 ;
; rom_in[23]    ; d1[23]      ; 5.712 ;       ;       ; 5.712 ;
; select_sum[0] ; d1[0]       ; 5.658 ; 6.067 ; 6.067 ; 5.658 ;
; select_sum[0] ; d1[1]       ; 5.564 ; 5.853 ; 5.853 ; 5.564 ;
; select_sum[0] ; d1[2]       ; 5.659 ; 5.939 ; 5.939 ; 5.659 ;
; select_sum[0] ; d1[3]       ; 5.667 ; 5.941 ; 5.941 ; 5.667 ;
; select_sum[0] ; d1[4]       ; 5.626 ; 5.918 ; 5.918 ; 5.626 ;
; select_sum[0] ; d1[5]       ; 5.682 ; 5.976 ; 5.976 ; 5.682 ;
; select_sum[0] ; d1[6]       ; 5.673 ; 5.968 ; 5.968 ; 5.673 ;
; select_sum[0] ; d1[7]       ; 5.619 ; 5.913 ; 5.913 ; 5.619 ;
; select_sum[0] ; d1[8]       ; 5.979 ; 6.268 ; 6.268 ; 5.979 ;
; select_sum[0] ; d1[9]       ; 6.054 ; 6.258 ; 6.258 ; 6.054 ;
; select_sum[0] ; d1[10]      ; 6.126 ; 6.502 ; 6.502 ; 6.126 ;
; select_sum[0] ; d1[11]      ; 6.005 ; 6.385 ; 6.385 ; 6.005 ;
; select_sum[0] ; d1[12]      ; 5.967 ; 6.260 ; 6.260 ; 5.967 ;
; select_sum[0] ; d1[13]      ; 6.100 ; 6.234 ; 6.234 ; 6.100 ;
; select_sum[0] ; d1[14]      ; 6.061 ; 6.346 ; 6.346 ; 6.061 ;
; select_sum[0] ; d1[15]      ; 5.985 ; 6.275 ; 6.275 ; 5.985 ;
; select_sum[0] ; d1[16]      ; 5.983 ; 6.189 ; 6.189 ; 5.983 ;
; select_sum[0] ; d1[17]      ; 6.022 ; 6.181 ; 6.181 ; 6.022 ;
; select_sum[0] ; d1[18]      ; 5.787 ; 6.010 ; 6.010 ; 5.787 ;
; select_sum[0] ; d1[19]      ; 6.002 ; 6.288 ; 6.288 ; 6.002 ;
; select_sum[0] ; d1[20]      ; 5.914 ; 6.207 ; 6.207 ; 5.914 ;
; select_sum[0] ; d1[21]      ; 5.930 ; 6.140 ; 6.140 ; 5.930 ;
; select_sum[0] ; d1[22]      ; 5.783 ; 6.077 ; 6.077 ; 5.783 ;
; select_sum[0] ; d1[23]      ; 5.986 ; 6.277 ; 6.277 ; 5.986 ;
; select_sum[1] ; d1[0]       ; 6.118 ; 5.843 ; 5.843 ; 6.118 ;
; select_sum[1] ; d1[1]       ; 6.097 ; 5.803 ; 5.803 ; 6.097 ;
; select_sum[1] ; d1[2]       ; 6.098 ; 5.815 ; 5.815 ; 6.098 ;
; select_sum[1] ; d1[3]       ; 6.129 ; 5.828 ; 5.828 ; 6.129 ;
; select_sum[1] ; d1[4]       ; 6.106 ; 5.862 ; 5.862 ; 6.106 ;
; select_sum[1] ; d1[5]       ; 6.234 ; 5.928 ; 5.928 ; 6.234 ;
; select_sum[1] ; d1[6]       ; 6.227 ; 5.858 ; 5.858 ; 6.227 ;
; select_sum[1] ; d1[7]       ; 6.077 ; 5.805 ; 5.805 ; 6.077 ;
; select_sum[1] ; d1[8]       ; 6.078 ; 5.788 ; 5.788 ; 6.078 ;
; select_sum[1] ; d1[9]       ; 6.068 ; 5.783 ; 5.783 ; 6.068 ;
; select_sum[1] ; d1[10]      ; 6.231 ; 6.053 ; 6.053 ; 6.231 ;
; select_sum[1] ; d1[11]      ; 6.114 ; 5.932 ; 5.932 ; 6.114 ;
; select_sum[1] ; d1[12]      ; 6.188 ; 5.894 ; 5.894 ; 6.188 ;
; select_sum[1] ; d1[13]      ; 6.044 ; 5.829 ; 5.829 ; 6.044 ;
; select_sum[1] ; d1[14]      ; 6.075 ; 5.791 ; 5.791 ; 6.075 ;
; select_sum[1] ; d1[15]      ; 6.085 ; 5.913 ; 5.913 ; 6.085 ;
; select_sum[1] ; d1[16]      ; 6.351 ; 6.031 ; 6.031 ; 6.351 ;
; select_sum[1] ; d1[17]      ; 6.334 ; 6.176 ; 6.176 ; 6.334 ;
; select_sum[1] ; d1[18]      ; 6.167 ; 5.848 ; 5.848 ; 6.167 ;
; select_sum[1] ; d1[19]      ; 6.445 ; 6.159 ; 6.159 ; 6.445 ;
; select_sum[1] ; d1[20]      ; 6.360 ; 6.068 ; 6.068 ; 6.360 ;
; select_sum[1] ; d1[21]      ; 6.298 ; 5.980 ; 5.980 ; 6.298 ;
; select_sum[1] ; d1[22]      ; 6.230 ; 5.940 ; 5.940 ; 6.230 ;
; select_sum[1] ; d1[23]      ; 6.430 ; 6.141 ; 6.141 ; 6.430 ;
+---------------+-------------+-------+-------+-------+-------+


-------------------
; Clock Transfers ;
-------------------
Nothing to report.


---------------
; Report TCCS ;
---------------
No dedicated SERDES Transmitter circuitry present in device or used in design


---------------
; Report RSKM ;
---------------
No dedicated SERDES Receiver circuitry present in device or used in design


+------------------------------------------------+
; Unconstrained Paths                            ;
+---------------------------------+-------+------+
; Property                        ; Setup ; Hold ;
+---------------------------------+-------+------+
; Illegal Clocks                  ; 0     ; 0    ;
; Unconstrained Clocks            ; 0     ; 0    ;
; Unconstrained Input Ports       ; 74    ; 74   ;
; Unconstrained Input Port Paths  ; 120   ; 120  ;
; Unconstrained Output Ports      ; 24    ; 24   ;
; Unconstrained Output Port Paths ; 120   ; 120  ;
+---------------------------------+-------+------+


+------------------------------------+
; TimeQuest Timing Analyzer Messages ;
+------------------------------------+
Info: *******************************************************************
Info: Running Quartus II 64-Bit TimeQuest Timing Analyzer
    Info: Version 13.0.1 Build 232 06/12/2013 Service Pack 1 SJ Web Edition
    Info: Processing started: Sat Nov 22 01:02:51 2025
Info: Command: quartus_sta mux_4x1_24bit -c mux_4x1_24bit
Info: qsta_default_script.tcl version: #1
Warning (20028): Parallel compilation is not licensed and has been disabled
Info (21077): Low junction temperature is 0 degrees C
Info (21077): High junction temperature is 85 degrees C
Critical Warning (332012): Synopsys Design Constraints File file not found: 'mux_4x1_24bit.sdc'. A Synopsys Design Constraints File is required by the TimeQuest Timing Analyzer to get proper timing constraints. Without it, the Compiler will not properly optimize the design.
Info (332142): No user constrained base clocks found in the design. Calling "derive_clocks -period 1.0"
Info (332096): The command derive_clocks did not find any clocks to derive.  No clocks were created or changed.
Warning (332068): No clocks defined in design.
Info: Found TIMEQUEST_REPORT_SCRIPT_INCLUDE_DEFAULT_ANALYSIS = ON
Info (332159): No clocks to report
Info: Analyzing Slow Model
Info (332140): No fmax paths to report
Info (332140): No Setup paths to report
Info (332140): No Hold paths to report
Info (332140): No Recovery paths to report
Info (332140): No Removal paths to report
Info (332140): No Minimum Pulse Width paths to report
Info (332001): The selected device family is not supported by the report_metastability command.
Info: Analyzing Fast Model
Info (332142): No user constrained base clocks found in the design. Calling "derive_clocks -period 1.0"
Info (332096): The command derive_clocks did not find any clocks to derive.  No clocks were created or changed.
Warning (332068): No clocks defined in design.
Info (332140): No Setup paths to report
Info (332140): No Hold paths to report
Info (332140): No Recovery paths to report
Info (332140): No Removal paths to report
Info (332140): No Minimum Pulse Width paths to report
Info (332001): The selected device family is not supported by the report_metastability command.
Info (332102): Design is not fully constrained for setup requirements
Info (332102): Design is not fully constrained for hold requirements
Info: Quartus II 64-Bit TimeQuest Timing Analyzer was successful. 0 errors, 4 warnings
    Info: Peak virtual memory: 4542 megabytes
    Info: Processing ended: Sat Nov 22 01:02:52 2025
    Info: Elapsed time: 00:00:01
    Info: Total CPU time (on all processors): 00:00:01


